
SCRIPTS:

1   C:/TraceR/script-1.R
        Timestamp: 2020-06-23T10.08.45EDT
        Hash:      fa8c38133c2c86954435e11f7deefc2c/md5
        Saved:     C:/Prov/prov_script-1/scripts/script-1.R
        Executed:  2020-07-26T10.41.52EDT

2   C:/TraceR/script-2.R
        Timestamp: 2020-06-23T10.07.55EDT
        Hash:      b548b4ee97164303bbb35d741016ec7e/md5
        Saved:     C:/Prov/prov_script-2/scripts/script-2.R
        Executed:  2020-07-26T10.41.53EDT


INPUTS:

1   C:/TraceR/file-1.csv
        Timestamp: 2020-06-26T15.27.37EDT
        Hash:      5496ec0a6171e4ae1b29a4518b68de71/md5
        Saved:     C:/Prov/prov_script-1/data/1-file-1.csv

2   C:/TraceR/file-2.csv
        Timestamp: 2020-06-23T09.58.19EDT
        Hash:      43334d302f6cb39ea0a0ea2b98ac6049/md5
        Saved:     C:/Prov/prov_script-2/data/1-file-2.csv


OUTPUTS:

1   C:/TraceR/file-3.csv
        Timestamp: 2020-07-26T10.41.52EDT
        Hash:      9cd65ba7067c39c8e5e50b42f275f8bc/md5
        Saved:     C:/Prov/prov_script-1/data/2-file-3.csv

1   C:/TraceR/file-4.csv
        Timestamp: 2020-07-26T10.41.52EDT
        Hash:      614ae064405b28d46850fb384019a49a/md5
        Saved:     C:/Prov/prov_script-1/data/3-file-4.csv

2   C:/TraceR/file-5.csv
        Timestamp: 2020-07-26T10.41.54EDT
        Hash:      d52fd10e833ccec645c180517250c8a1/md5
        Saved:     C:/Prov/prov_script-2/data/3-file-5.csv


EXCHANGES:

1 > 2   C:/TraceR/file-3.csv
        Timestamp: 2020-07-26T10.41.52EDT
        Hash:      9cd65ba7067c39c8e5e50b42f275f8bc/md5
        Saved out: C:/Prov/prov_script-1/data/3-file-5.csv
        Saved in:  C:/Prov/prov_script-2/data/2-file-3.csv

